// Jest Snapshot v1, https://goo.gl/fbAQLP

exports[`Marketing container testing should pass snapshot testing correctly 1`] = `""`;
