// Jest Snapshot v1, https://goo.gl/fbAQLP

exports[`<Marketing /> component testing should pass snapshot testing correctly 1`] = `
<div
  className="makeStyles-root-1"
  data-test="marketing-page"
>
  <WithStyles(CssBaseline) />
  <WithStyles(ForwardRef(AppBar))
    className="makeStyles-appBar-3"
    position="fixed"
  >
    <WithStyles(ForwardRef(Toolbar))>
      <WithStyles(ForwardRef(IconButton))
        aria-label="Open drawer"
        className="makeStyles-menuButton-4"
        color="inherit"
        edge="start"
        onClick={[Function]}
      >
        <MenuIcon />
      </WithStyles(ForwardRef(IconButton))>
      <div
        className="logo"
        data-test="test-logo"
      />
      <WithStyles(ForwardRef(Typography))
        noWrap={true}
        variant="h6"
      >
        Niyon
      </WithStyles(ForwardRef(Typography))>
    </WithStyles(ForwardRef(Toolbar))>
  </WithStyles(ForwardRef(AppBar))>
  <nav
    className="makeStyles-drawer-2"
  >
    <Hidden
      implementation="css"
      smUp={true}
    >
      <WithStyles(ForwardRef(Drawer))
        ModalProps={
          Object {
            "keepMounted": true,
          }
        }
        anchor="left"
        classes={
          Object {
            "paper": "makeStyles-drawerPaper-6",
          }
        }
        onClose={[Function]}
        open={false}
        variant="temporary"
      >
        <WithStyles(ForwardRef(IconButton))
          className="makeStyles-closeMenuButton-8"
          onClick={[Function]}
        >
          <CloseIcon />
        </WithStyles(ForwardRef(IconButton))>
        <div>
          <WithStyles(ForwardRef(List))>
            <WithStyles(ForwardRef(ListItem))
              button={true}
              key="Home"
            >
              <WithStyles(ForwardRef(ListItemText))
                primary="Home"
              />
            </WithStyles(ForwardRef(ListItem))>
            <WithStyles(ForwardRef(ListItem))
              button={true}
              key="About"
            >
              <WithStyles(ForwardRef(ListItemText))
                primary="About"
              />
            </WithStyles(ForwardRef(ListItem))>
          </WithStyles(ForwardRef(List))>
        </div>
      </WithStyles(ForwardRef(Drawer))>
    </Hidden>
    <Hidden
      implementation="css"
      xsDown={true}
    >
      <WithStyles(ForwardRef(Drawer))
        className="makeStyles-drawer-2"
        classes={
          Object {
            "paper": "makeStyles-drawerPaper-6",
          }
        }
        variant="permanent"
      >
        <div
          className="makeStyles-toolbar-5"
        />
        <div>
          <WithStyles(ForwardRef(List))>
            <WithStyles(ForwardRef(ListItem))
              button={true}
              key="Home"
            >
              <WithStyles(ForwardRef(ListItemText))
                primary="Home"
              />
            </WithStyles(ForwardRef(ListItem))>
            <WithStyles(ForwardRef(ListItem))
              button={true}
              key="About"
            >
              <WithStyles(ForwardRef(ListItemText))
                primary="About"
              />
            </WithStyles(ForwardRef(ListItem))>
          </WithStyles(ForwardRef(List))>
        </div>
      </WithStyles(ForwardRef(Drawer))>
    </Hidden>
  </nav>
  <div
    className="marketing-container"
  >
    <div
      className="container"
    >
      <h3>
        Connect with Mentors in your area!
      </h3>
    </div>
    <div
      className="makeStyles-buttons-9"
    >
      <WithStyles(ForwardRef(Button))
        className="makeStyles-button-10"
        color="primary"
        variant="contained"
      >
        Sign Up
      </WithStyles(ForwardRef(Button))>
      <WithStyles(ForwardRef(Button))
        className="makeStyles-button-10"
        color="secondary"
        variant="contained"
      >
        Login
      </WithStyles(ForwardRef(Button))>
    </div>
  </div>
</div>
`;
