// Jest Snapshot v1, https://goo.gl/fbAQLP

exports[`<Marketing /> component testing should pass snapshot testing correctly 1`] = `undefined`;
