// Jest Snapshot v1, https://goo.gl/fbAQLP

exports[`<Search /> component testing should pass snaps shot testing 1`] = `""`;
