// Jest Snapshot v1, https://goo.gl/fbAQLP

exports[`<ConnectionRequests /> component should match the snapshot test 1`] = `undefined`;
