// Jest Snapshot v1, https://goo.gl/fbAQLP

exports[`<Connections /> component testing should match snapshot tests 1`] = `undefined`;
