// Jest Snapshot v1, https://goo.gl/fbAQLP

exports[`<RecommendedConnections /> component should match the snapshot test 1`] = `""`;
