// Jest Snapshot v1, https://goo.gl/fbAQLP

exports[`<UserCard /> component should pass snapshot testing 1`] = `undefined`;
