// Jest Snapshot v1, https://goo.gl/fbAQLP

exports[`<NewsCard /> component testing should pass snapshot testing 1`] = `undefined`;
