// Jest Snapshot v1, https://goo.gl/fbAQLP

exports[`<Search /> component testing should pass snapshot testing 1`] = `undefined`;
