// Jest Snapshot v1, https://goo.gl/fbAQLP

exports[`<About /> component testing should pass the snap shot test 1`] = `""`;
