// Jest Snapshot v1, https://goo.gl/fbAQLP

exports[`<PersonCard /> component testing should pass the snapshot test correctly 1`] = `""`;
